// Jest Snapshot v1, https://goo.gl/fbAQLP

exports[`EntryPayoutContent (1) Render not paid out content 1`] = `"<div class=\\"payout-popover-content\\"><p><span class=\\"label\\"><span>Potential Payout</span></span><span class=\\"value\\">$ 42.359</span></p><p><span class=\\"label\\"><span>Promoted</span></span><span class=\\"value\\">$ 0.000</span></p><p><span class=\\"label\\"><span>Author Payout</span></span><span class=\\"value\\">$ 0.000</span></p><p><span class=\\"label\\"><span>Curation Payout</span></span><span class=\\"value\\">$ 0.000</span></p><p><span class=\\"label\\"><span>Payout</span></span><span class=\\"value\\"><span>in 6 days</span></span></p></div>"`;

exports[`EntryPayoutContent (2) Render paid out content 1`] = `"<div class=\\"payout-popover-content\\"><p><span class=\\"label\\"><span>Potential Payout</span></span><span class=\\"value\\">$ 0.000</span></p><p><span class=\\"label\\"><span>Promoted</span></span><span class=\\"value\\">$ 0.000</span></p><p><span class=\\"label\\"><span>Author Payout</span></span><span class=\\"value\\">$ 146.110</span></p><p><span class=\\"label\\"><span>Curation Payout</span></span><span class=\\"value\\">$ 42.017</span></p><p><span class=\\"label\\"><span>Payout</span></span><span class=\\"value\\"><span>4 days ago</span></span></p></div>"`;

exports[`EntryPayoutContent (3) Render promoted content 1`] = `"<div class=\\"payout-popover-content\\"><p><span class=\\"label\\"><span>Potential Payout</span></span><span class=\\"value\\">$ 0.004</span></p><p><span class=\\"label\\"><span>Promoted</span></span><span class=\\"value\\">$ 300.000</span></p><p><span class=\\"label\\"><span>Author Payout</span></span><span class=\\"value\\">$ 0.000</span></p><p><span class=\\"label\\"><span>Curation Payout</span></span><span class=\\"value\\">$ 0.000</span></p><p><span class=\\"label\\"><span>Payout</span></span><span class=\\"value\\"><span>in 5 days</span></span></p></div>"`;
