// Jest Snapshot v1, https://goo.gl/fbAQLP

exports[`dynamic props reducer (1) default state 1`] = `
Object {
  "base": 1,
  "fundRecentClaims": 1,
  "fundRewardBalance": 1,
  "quote": 1,
  "steemPerMVests": 1,
}
`;

exports[`dynamic props reducer should handle FETCHED 1`] = `
Object {
  "base": 0.86,
  "fundRecentClaims": "497885072157522967",
  "fundRewardBalance": 834665.854,
  "quote": 1,
  "steemPerMVests": 495.05469644322403,
}
`;