// Jest Snapshot v1, https://goo.gl/fbAQLP

exports[`PinCreate (1) Render 1`] = `"<div class=\\"pin-create-dialog-content\\"><div class=\\"dialog-form\\"><div class=\\"brand\\"><img src=\\"test-file-stub\\" alt=\\"\\"></div><div class=\\"form-content\\"><h2 class=\\"form-title\\"><span>Create PIN Code</span></h2><p class=\\"form-desc\\"><span>Set PIN code to encrypt your data and enable extra layer of security!</span></p><span class=\\"ant-input-group\\"><div class=\\"ant-col-18\\"><input type=\\"password\\" id=\\"pin-input\\" maxlength=\\"20\\" placeholder=\\"Enter PIN code\\" class=\\"ant-input\\" value=\\"\\"></div><div class=\\"ant-col-3\\"><button disabled=\\"\\" type=\\"button\\" class=\\"ant-btn ant-btn-primary ant-btn-circle\\"><i class=\\"mi\\">lock</i></button></div></span><p class=\\"form-desc2\\"><span>You will be prompted to enter PIN code for crucial transactions as well as on every launch.</span></p></div></div></div>"`;
