// Jest Snapshot v1, https://goo.gl/fbAQLP

exports[`Account (1) AccountMenu render 1`] = `"<div class=\\"account-menu\\"><div class=\\"account-menu-items\\"><a role=\\"none\\" class=\\"menu-item false\\"><span>Blog</span></a><a role=\\"none\\" class=\\"menu-item selected-item\\"><span>Comments</span></a><a role=\\"none\\" class=\\"menu-item false\\"><span>Replies</span></a><a role=\\"none\\" class=\\"menu-item false\\"><span>Wallet</span></a></div><div class=\\"page-tools\\"><a class=\\"list-switch \\" role=\\"none\\"><i class=\\"mi\\">view_module</i></a></div></div>"`;

exports[`Account (2) AccountCover render 1`] = `"<div class=\\"account-cover\\"><div class=\\"cover-image\\" style=\\"background-image: url(https://steemitimages.com/0x0/https://foo.bar/baz.png);\\"></div><div class=\\"follow-controls-holder\\"><div><button style=\\"margin-right: 5px;\\" type=\\"button\\" class=\\"ant-btn ant-btn-primary\\"><span>Follow</span></button><button type=\\"button\\" class=\\"ant-btn\\"><span>Mute</span></button></div></div></div>"`;

exports[`Account (3) AccountTopPosts render 1`] = `"<div class=\\"top-posts-list\\"><h2 class=\\"top-posts-list-header\\"><span>Top Posts</span></h2><div class=\\"top-posts-list-body\\"><div class=\\"top-posts-list-item\\"><div class=\\"post-image\\"><img alt=\\"\\" src=\\"img/noimage.png\\"></div><div class=\\"post-content\\"><div class=\\"post-title\\">Foo bar</div><div class=\\"post-body\\">lorem ipsum</div></div></div><div class=\\"top-posts-list-item\\"><div class=\\"post-image\\"><img alt=\\"\\" src=\\"img/noimage.png\\"></div><div class=\\"post-content\\"><div class=\\"post-title\\">Baz gaz</div><div class=\\"post-body\\">dolor sit amet</div></div></div></div></div>"`;
